--------------------------------------------------------------------------------------
Timing Analyzer Summary
--------------------------------------------------------------------------------------

Type           : Worst-case tsu
Slack          : N/A
Required Time  : None
Actual Time    : 15.322 ns
From           : io_rx_a[0]
To             : serial_io:serial_io|serial_data[16]
From Clock     : --
To Clock       : SCLK
Failed Paths   : 0

Type           : Worst-case tco
Slack          : N/A
Required Time  : None
Actual Time    : 22.712 ns
From           : master_control:master_control|atr_delay:atr_delay|state.1000
To             : io_rx_a[3]
From Clock     : master_clk
To Clock       : --
Failed Paths   : 0

Type           : Worst-case tpd
Slack          : N/A
Required Time  : None
Actual Time    : 16.271 ns
From           : usbctl[1]
To             : io_tx_a[0]
From Clock     : --
To Clock       : --
Failed Paths   : 0

Type           : Worst-case th
Slack          : N/A
Required Time  : None
Actual Time    : 0.085 ns
From           : SEN_FPGA
To             : serial_io:serial_io|enable_d1
From Clock     : --
To Clock       : master_clk
Failed Paths   : 0

Type           : Clock Setup: 'master_clk'
Slack          : 1.507 ns
Required Time  : 64.00 MHz ( period = 15.625 ns )
Actual Time    : 70.83 MHz ( period = 14.118 ns )
From           : despreading:despread|FIR32:FIRi|data_conv[6]
To             : despreading:despread|regabsdata[32]
From Clock     : master_clk
To Clock       : master_clk
Failed Paths   : 0

Type           : Clock Setup: 'usbclk'
Slack          : 8.168 ns
Required Time  : 48.00 MHz ( period = 20.833 ns )
Actual Time    : 222.42 MHz ( period = 4.496 ns )
From           : master_control:master_control|rx_reset_bus_sync2
To             : rx_buffer:rx_buffer|read_count[0]
From Clock     : usbclk
To Clock       : usbclk
Failed Paths   : 0

Type           : Clock Setup: 'SCLK'
Slack          : 987.762 ns
Required Time  : 1.00 MHz ( period = 1000.000 ns )
Actual Time    : 81.71 MHz ( period = 12.238 ns )
From           : serial_io:serial_io|ser_ctr[4]
To             : serial_io:serial_io|serial_data[17]
From Clock     : SCLK
To Clock       : SCLK
Failed Paths   : 0

Type           : Clock Hold: 'master_clk'
Slack          : 0.860 ns
Required Time  : 64.00 MHz ( period = 15.625 ns )
Actual Time    : N/A
From           : despreading:despread|FIR32:FIRq|mem[8][0]
To             : despreading:despread|FIR32:FIRq|bmem[8][0]
From Clock     : master_clk
To Clock       : master_clk
Failed Paths   : 0

Type           : Clock Hold: 'usbclk'
Slack          : 0.860 ns
Required Time  : 48.00 MHz ( period = 20.833 ns )
Actual Time    : N/A
From           : master_control:master_control|rx_reset_bus_sync1
To             : master_control:master_control|rx_reset_bus_sync2
From Clock     : usbclk
To Clock       : usbclk
Failed Paths   : 0

Type           : Clock Hold: 'SCLK'
Slack          : 0.903 ns
Required Time  : 1.00 MHz ( period = 1000.000 ns )
Actual Time    : N/A
From           : serial_io:serial_io|serial_addr[5]
To             : serial_io:serial_io|serial_addr[6]
From Clock     : SCLK
To Clock       : SCLK
Failed Paths   : 0

Type           : Total number of failed paths
Slack          : 
Required Time  : 
Actual Time    : 
From           : 
To             : 
From Clock     : 
To Clock       : 
Failed Paths   : 0

--------------------------------------------------------------------------------------

